/home/naveen/Documents/SMART_HOME_BN/.venv/lib/python3.12/site-packages/pgmpy/estimators/__init__.py:4: FutureWarning: `pgmpy.estimators.StructureScore` is deprecated and will be removed in v1.3.0. Use `pgmpy.structure_score` instead.
  from .StructureScore import (
/home/naveen/Documents/SMART_HOME_BN/dashboard/main.py:47: DeprecationWarning: 
        on_event is deprecated, use lifespan event handlers instead.

        Read more about it in the
        [FastAPI docs for Lifespan Events](https://fastapi.tiangolo.com/advanced/events/).
        
  @app.on_event("startup")
/home/naveen/Documents/SMART_HOME_BN/dashboard/main.py:149: DeprecationWarning: 
        on_event is deprecated, use lifespan event handlers instead.

        Read more about it in the
        [FastAPI docs for Lifespan Events](https://fastapi.tiangolo.com/advanced/events/).
        
  @app.on_event("startup")
INFO:     Started server process [18311]
INFO:     Waiting for application startup.
INFO:     Application startup complete.
INFO:     Uvicorn running on http://0.0.0.0:8000 (Press CTRL+C to quit)
Loaded model and 161821 test windows
Loaded model and 161821 test windows
INFO:     127.0.0.1:60086 - "GET /api/network HTTP/1.1" 200 OK
INFO:     127.0.0.1:60100 - "GET /api/window/0 HTTP/1.1" 200 OK
INFO:     127.0.0.1:60114 - "GET /static/styles.css HTTP/1.1" 200 OK
INFO:     127.0.0.1:60126 - "GET /static/dashboard.js HTTP/1.1" 200 OK
INFO:     Shutting down
INFO:     Waiting for application shutdown.
INFO:     Application shutdown complete.
INFO:     Finished server process [18311]
